// Bun Snapshot v1, https://bun.sh/docs/test/snapshots

exports[`golden-master export v3 X 1`] = `
{
  "meta": {
    "exported_at": "<ts>",
    "handles": {
      "_": "He4rtDevs",
    },
    "profiles": {
      "instagram": {
        "username": "He4rtDevs",
      },
      "linkedin": {
        "username": "He4rtDevs",
      },
      "x": {
        "avatar_url": "https://img.example/He4rtDevs.jpg",
        "description": "Open source community",
        "followers_count": 20945,
        "following_count": 320,
        "is_verified": true,
        "name": "He4rt Developers",
        "provider": "x",
        "provider_user_id": "tracked-1",
        "statuses_count": 2178,
        "username": "He4rtDevs",
      },
    },
  },
  "per_platform": {
    "instagram": {
      "content": [],
    },
    "linkedin": {
      "content": [],
    },
    "x": {
      "content": [
        {
          "author": {
            "avatar_url": "https://img.example/He4rtDevs.jpg",
            "followers_count": 20945,
            "is_blue_verified": true,
            "name": "He4rt Developers",
            "rest_id": "tracked-1",
            "screen_name": "He4rtDevs",
          },
          "created_at": "Tue May 19 15:00:00 +0000 2026",
          "hashtags": [],
          "in_reply_to_screen_name": null,
          "in_reply_to_tweet_id": null,
          "lang": "en",
          "media_count": 0,
          "metrics": {
            "bookmark_count": 0,
            "favorite_count": 0,
            "quote_count": 0,
            "reply_count": 0,
            "retweet_count": 0,
            "view_count": 0,
          },
          "quoted_tweet_id": null,
          "retweeted_tweet": {
            "author": {
              "avatar_url": "https://img.example/source_author.jpg",
              "followers_count": 500,
              "is_blue_verified": false,
              "name": "Source Author",
              "rest_id": "source-1",
              "screen_name": "source_author",
            },
            "metrics": {
              "bookmark_count": 0,
              "favorite_count": 30,
              "quote_count": 0,
              "reply_count": 3,
              "retweet_count": 8,
              "view_count": 2000,
            },
            "text": "Original source post",
            "tweet_id": "800",
          },
          "retweeted_tweet_id": "800",
          "source": "Twitter for iPhone",
          "text": "RT @source_author: Original source post",
          "tweet_id": "103",
          "type": "retweet",
          "urls": [],
          "user_mentions": [],
        },
        {
          "author": {
            "avatar_url": "https://img.example/He4rtDevs.jpg",
            "followers_count": 20945,
            "is_blue_verified": true,
            "name": "He4rt Developers",
            "rest_id": "tracked-1",
            "screen_name": "He4rtDevs",
          },
          "created_at": "Tue May 19 14:00:00 +0000 2026",
          "hashtags": [],
          "in_reply_to_screen_name": "someone_else",
          "in_reply_to_tweet_id": "901",
          "lang": "en",
          "media_count": 0,
          "metrics": {
            "bookmark_count": 0,
            "favorite_count": 2,
            "quote_count": 0,
            "reply_count": 1,
            "retweet_count": 0,
            "view_count": 200,
          },
          "quoted_tweet_id": null,
          "retweeted_tweet_id": null,
          "source": "Twitter for iPhone",
          "text": "Replying from the tracked account",
          "tweet_id": "102",
          "type": "reply",
          "urls": [],
          "user_mentions": [],
        },
        {
          "author": {
            "avatar_url": "https://img.example/He4rtDevs.jpg",
            "followers_count": 20945,
            "is_blue_verified": true,
            "name": "He4rt Developers",
            "rest_id": "tracked-1",
            "screen_name": "He4rtDevs",
          },
          "created_at": "Tue May 19 13:00:00 +0000 2026",
          "hashtags": [],
          "in_reply_to_screen_name": null,
          "in_reply_to_tweet_id": null,
          "lang": "en",
          "media_count": 0,
          "metrics": {
            "bookmark_count": 0,
            "favorite_count": 5,
            "quote_count": 2,
            "reply_count": 0,
            "retweet_count": 1,
            "view_count": 500,
          },
          "quoted_tweet_id": "900",
          "retweeted_tweet_id": null,
          "source": "Twitter for iPhone",
          "text": "Quoting a community win",
          "tweet_id": "101",
          "type": "quote",
          "urls": [],
          "user_mentions": [],
        },
        {
          "author": {
            "avatar_url": "https://img.example/He4rtDevs.jpg",
            "followers_count": 20945,
            "is_blue_verified": true,
            "name": "He4rt Developers",
            "rest_id": "tracked-1",
            "screen_name": "He4rtDevs",
          },
          "created_at": "Tue May 19 12:00:00 +0000 2026",
          "hashtags": [
            "He4rtDevelopers",
          ],
          "in_reply_to_screen_name": null,
          "in_reply_to_tweet_id": null,
          "lang": "en",
          "media_count": 2,
          "metrics": {
            "bookmark_count": 3,
            "favorite_count": 15,
            "quote_count": 1,
            "reply_count": 2,
            "retweet_count": 4,
            "view_count": 1000,
          },
          "quoted_tweet_id": null,
          "retweeted_tweet_id": null,
          "source": "Twitter for iPhone",
          "text": "Pinned launch from He4rt #He4rtDevelopers",
          "tweet_id": "100",
          "type": "original",
          "urls": [
            "https://he4rt.dev",
          ],
          "user_mentions": [
            {
              "name": "He4rtDevs",
              "screen_name": "He4rtDevs",
            },
          ],
        },
      ],
      "engagers": {
        "likes_by_tweet": {
          "100": [
            {
              "followed_by": false,
              "followers_count": 1000,
              "following": true,
              "is_blue_verified": true,
              "name": "First Fan",
              "rest_id": "fan-1",
              "screen_name": "first_fan",
            },
            {
              "followed_by": true,
              "followers_count": 300,
              "following": false,
              "is_blue_verified": false,
              "name": "Second Fan",
              "rest_id": "fan-2",
              "screen_name": "second_fan",
            },
          ],
        },
        "replies": [
          {
            "author": {
              "avatar_url": "https://img.example/community_member.jpg",
              "followers_count": 150,
              "full_name": "Community Member",
              "is_verified": false,
              "name": "Community Member",
              "provider": "x",
              "provider_user_id": "community-1",
              "username": "community_member",
            },
            "created_at": "Tue May 19 16:00:00 +0000 2026",
            "hashtags": [],
            "in_reply_to_publication_id": "100",
            "in_reply_to_username": "He4rtDevs",
            "media_count": 0,
            "metrics": {
              "bookmark_count": 0,
              "comment_count": 0,
              "like_count": 1,
              "quote_count": 0,
              "reply_count": 0,
              "repost_count": 0,
              "retweet_count": 0,
              "save_count": 0,
              "view_count": 50,
            },
            "provider": "x",
            "publication_id": "200",
            "quoted_publication_id": null,
            "raw_type": "reply",
            "reposted_publication_id": null,
            "source": "Twitter for iPhone",
            "text": "This helped a lot!",
            "type": "reply",
            "url": "https://x.com/community_member/status/200",
            "urls": [],
            "user_mentions": [],
          },
        ],
      },
    },
  },
  "schema_version": 3,
  "unified": {
    "summary": {
      "all": {
        "total_comments": 0,
        "total_content": 5,
        "total_likes": 23,
        "unique_engagers": 3,
      },
      "by_platform": {
        "instagram": {
          "total_comments": 0,
          "total_content": 0,
          "total_likes": 0,
          "total_views": 0,
        },
        "linkedin": {
          "total_audience_interactions": 0,
          "total_comment_items": 0,
          "total_comment_reaction_users": 0,
          "total_comments": 0,
          "total_content": 0,
          "total_likes": 0,
          "total_reaction_users": 0,
          "total_repost_users": 0,
          "total_shares": 0,
        },
        "x": {
          "total_bookmarks": 3,
          "total_content": 5,
          "total_likes": 23,
          "total_quotes": 3,
          "total_replies": 0,
          "total_retweets": 5,
          "total_views": 1750,
        },
      },
    },
  },
}
`;

exports[`golden-master export v3 Instagram 1`] = `
{
  "meta": {
    "exported_at": "<ts>",
    "handles": {
      "_": "he4rtdevs",
    },
    "profiles": {
      "instagram": {
        "avatar_url": "https://img.example/instagram/he4rtdevs.jpg",
        "description": "",
        "followers_count": 0,
        "following_count": 0,
        "is_verified": true,
        "name": "He4rt Developers",
        "provider": "instagram",
        "provider_user_id": "ig-1",
        "username": "he4rtdevs",
      },
      "linkedin": {
        "username": "he4rtdevs",
      },
      "x": {
        "username": "he4rtdevs",
      },
    },
  },
  "per_platform": {
    "instagram": {
      "content": [
        {
          "author": {
            "avatar_url": "https://img.example/instagram/he4rtdevs.jpg",
            "following": false,
            "full_name": "He4rt Developers",
            "is_private": false,
            "is_verified": true,
            "name": "He4rt Developers",
            "provider": "instagram",
            "provider_user_id": "ig-1",
            "username": "he4rtdevs",
          },
          "capture_order": 3,
          "capture_priority": 0,
          "captured_at": "<ts>",
          "created_at": "2026-05-19T14:40:00.000Z",
          "engagers": {
            "comments": [],
            "likes": [],
          },
          "hashtags": [],
          "media_count": 3,
          "metrics": {
            "bookmark_count": 0,
            "comment_count": 0,
            "like_count": 8,
            "quote_count": 0,
            "reply_count": 0,
            "repost_count": 0,
            "retweet_count": 0,
            "save_count": 0,
            "view_count": 0,
          },
          "provider": "instagram",
          "publication_id": "393",
          "raw_type": "feed",
          "shortcode": "CAR789",
          "source": "Instagram Web",
          "text": "Carrossel de aprendizado",
          "type": "carousel",
          "url": "https://www.instagram.com/p/CAR789/",
          "urls": [],
          "user_mentions": [],
        },
        {
          "author": {
            "avatar_url": "https://img.example/instagram/he4rtdevs.jpg",
            "following": false,
            "full_name": "He4rt Developers",
            "is_private": false,
            "is_verified": true,
            "name": "He4rt Developers",
            "provider": "instagram",
            "provider_user_id": "ig-1",
            "username": "he4rtdevs",
          },
          "capture_order": 1,
          "capture_priority": 100,
          "captured_at": "<ts>",
          "created_at": "2026-05-19T14:40:00.000Z",
          "engagers": {
            "comments": [
              {
                "author": {
                  "avatar_url": "https://img.example/instagram/community_member.jpg",
                  "following": true,
                  "full_name": "Community Member",
                  "is_private": false,
                  "is_verified": false,
                  "name": "Community Member",
                  "provider": "instagram",
                  "provider_user_id": "ig-2",
                  "username": "community_member",
                },
                "comment_id": "comment-1",
                "created_at": "2026-05-19T14:46:40.000Z",
                "like_count": 2,
                "replies": [
                  {
                    "author": {
                      "avatar_url": "https://img.example/instagram/he4rtdevs.jpg",
                      "following": false,
                      "full_name": "He4rt Developers",
                      "is_private": false,
                      "is_verified": true,
                      "name": "He4rt Developers",
                      "provider": "instagram",
                      "provider_user_id": "ig-1",
                      "username": "he4rtdevs",
                    },
                    "comment_id": "comment-2",
                    "created_at": "2026-05-19T14:48:20.000Z",
                    "like_count": 1,
                    "replies": [],
                    "text": "@community_member valeu!",
                  },
                ],
                "text": "Conteudo excelente!",
              },
            ],
            "likes": [
              {
                "avatar_url": "https://img.example/instagram/community_member.jpg",
                "following": true,
                "full_name": "Community Member",
                "is_private": false,
                "is_verified": false,
                "name": "Community Member",
                "provider": "instagram",
                "provider_user_id": "ig-2",
                "username": "community_member",
              },
              {
                "avatar_url": "https://img.example/instagram/private_member.jpg",
                "following": false,
                "full_name": "Private Member",
                "is_private": true,
                "is_verified": false,
                "name": "Private Member",
                "provider": "instagram",
                "provider_user_id": "ig-3",
                "username": "private_member",
              },
            ],
          },
          "hashtags": [
            "He4rtDevelopers",
          ],
          "media_count": 1,
          "metrics": {
            "bookmark_count": 0,
            "comment_count": 3,
            "like_count": 42,
            "quote_count": 0,
            "reply_count": 3,
            "repost_count": 0,
            "retweet_count": 0,
            "save_count": 0,
            "view_count": 1000,
          },
          "provider": "instagram",
          "publication_id": "391",
          "raw_type": "feed",
          "shortcode": "ABC123",
          "source": "Instagram Web",
          "text": "Bora estudar Laravel e TypeScript #He4rtDevelopers @community_member",
          "type": "image",
          "url": "https://www.instagram.com/p/ABC123/",
          "urls": [],
          "user_mentions": [
            {
              "name": "community_member",
              "username": "community_member",
            },
          ],
        },
        {
          "author": {
            "avatar_url": "https://img.example/instagram/he4rtdevs.jpg",
            "following": false,
            "full_name": "He4rt Developers",
            "is_private": false,
            "is_verified": true,
            "name": "He4rt Developers",
            "provider": "instagram",
            "provider_user_id": "ig-1",
            "username": "he4rtdevs",
          },
          "capture_order": 2,
          "capture_priority": 100,
          "captured_at": "<ts>",
          "created_at": "2026-05-19T14:40:00.000Z",
          "engagers": {
            "comments": [],
            "likes": [],
          },
          "hashtags": [],
          "media_count": 1,
          "metrics": {
            "bookmark_count": 0,
            "comment_count": 1,
            "like_count": 20,
            "quote_count": 0,
            "reply_count": 1,
            "repost_count": 0,
            "retweet_count": 0,
            "save_count": 0,
            "view_count": 2500,
          },
          "provider": "instagram",
          "publication_id": "392",
          "raw_type": "clips",
          "shortcode": "REEL456",
          "source": "Instagram Web",
          "text": "Reel sobre carreira dev",
          "type": "reel",
          "url": "https://www.instagram.com/reel/REEL456/",
          "urls": [],
          "user_mentions": [],
        },
      ],
    },
    "linkedin": {
      "content": [],
    },
    "x": {
      "content": [],
      "engagers": {
        "likes_by_tweet": {},
        "replies": [],
      },
    },
  },
  "schema_version": 3,
  "unified": {
    "summary": {
      "all": {
        "total_comments": 2,
        "total_content": 3,
        "total_likes": 70,
        "unique_engagers": 3,
      },
      "by_platform": {
        "instagram": {
          "total_comments": 2,
          "total_content": 3,
          "total_likes": 70,
          "total_views": 3500,
        },
        "linkedin": {
          "total_audience_interactions": 0,
          "total_comment_items": 0,
          "total_comment_reaction_users": 0,
          "total_comments": 0,
          "total_content": 0,
          "total_likes": 0,
          "total_reaction_users": 0,
          "total_repost_users": 0,
          "total_shares": 0,
        },
        "x": {
          "total_bookmarks": 0,
          "total_content": 0,
          "total_likes": 0,
          "total_quotes": 0,
          "total_replies": 0,
          "total_retweets": 0,
          "total_views": 0,
        },
      },
    },
  },
}
`;

exports[`golden-master export v3 LinkedIn 1`] = `
{
  "meta": {
    "exported_at": "<ts>",
    "handles": {
      "_": "He4rt Developers",
      "linkedin": "He4rt Developers",
    },
    "profiles": {
      "instagram": {
        "username": "He4rt Developers",
      },
      "linkedin": {
        "avatar_url": "https://media.licdn.com/dms/image/company-logo.jpg",
        "description": "Open source community",
        "followers_count": 0,
        "following_count": 0,
        "name": "He4rt Developers",
        "provider": "linkedin",
        "provider_user_id": "urn:li:company:123",
        "username": "he4rt",
      },
      "x": {
        "username": "He4rt Developers",
      },
    },
  },
  "per_platform": {
    "instagram": {
      "content": [],
    },
    "linkedin": {
      "content": [
        {
          "activity_urn": "urn:li:activity:111",
          "author": {
            "avatar_url": "https://media.licdn.com/dms/image/company-logo.jpg",
            "headline": "Open source community",
            "name": "He4rt Developers",
            "urn": "urn:li:company:123",
            "vanity_name": "he4rt",
          },
          "created_at": "",
          "engagement_metrics": {
            "audience_interactions": 4,
            "real_comments": 1,
            "replies": 1,
            "unique_commenters_count": 2,
            "unique_engagers_count": 5,
            "unique_reacters_count": 2,
          },
          "engagers": {
            "comments": [
              {
                "author": {
                  "avatar_url": "https://media.licdn.com/dms/image/c1.jpg",
                  "name": "Commenter One",
                  "provider": "linkedin",
                  "provider_user_id": "urn:li:member:777",
                  "username": "commenter_one",
                },
                "comment_id": "urn:li:fsd_comment:c1",
                "created_at": "",
                "reaction_breakdown": {
                  "EMPATHY": 3,
                  "LIKE": 24,
                  "PRAISE": 1,
                },
                "reaction_users": [
                  {
                    "avatar_url": "https://media.licdn.com/dms/image/r1.jpg",
                    "headline": "Software Engineer at He4rt",
                    "name": "Reactor One",
                    "navigation_url": "https://www.linkedin.com/in/reactor-one",
                    "provider": "linkedin",
                    "provider_user_id": "urn:li:member:555",
                    "reaction_type": "LIKE",
                    "username": "reactor_one",
                  },
                  {
                    "avatar_url": "https://media.licdn.com/dms/image/r2.jpg",
                    "headline": "Software Engineer at He4rt",
                    "name": "Reactor Two",
                    "navigation_url": "https://www.linkedin.com/in/reactor-two",
                    "provider": "linkedin",
                    "provider_user_id": "urn:li:member:556",
                    "reaction_type": "LIKE",
                    "username": "reactor_two",
                  },
                ],
                "replies": [
                  {
                    "author": {
                      "avatar_url": "https://media.licdn.com/dms/image/he4rt.jpg",
                      "name": "He4rt Developers",
                      "provider": "linkedin",
                      "provider_user_id": "urn:li:company:123",
                      "username": "he4rt_developers",
                    },
                    "comment_id": "urn:li:fsd_comment:c1r1",
                    "created_at": "",
                    "reaction_breakdown": {
                      "LIKE": 4,
                      "PRAISE": 1,
                    },
                    "reaction_users": [
                      {
                        "avatar_url": "https://media.licdn.com/dms/image/r1.jpg",
                        "headline": "Software Engineer at He4rt",
                        "name": "Reactor One",
                        "navigation_url": "https://www.linkedin.com/in/reactor-one",
                        "provider": "linkedin",
                        "provider_user_id": "urn:li:member:555",
                        "reaction_type": "LIKE",
                        "username": "reactor_one",
                      },
                      {
                        "avatar_url": "https://media.licdn.com/dms/image/r2.jpg",
                        "headline": "Software Engineer at He4rt",
                        "name": "Reactor Two",
                        "navigation_url": "https://www.linkedin.com/in/reactor-two",
                        "provider": "linkedin",
                        "provider_user_id": "urn:li:member:556",
                        "reaction_type": "LIKE",
                        "username": "reactor_two",
                      },
                    ],
                    "replies": [],
                    "text": "Valeu pelo apoio!",
                    "total_reactions": 5,
                  },
                ],
                "text": "Otimo conteudo, obrigado!",
                "total_reactions": 28,
              },
            ],
            "reactions": [
              {
                "avatar_url": "https://media.licdn.com/dms/image/r1.jpg",
                "headline": "Software Engineer at He4rt",
                "name": "Reactor One",
                "navigation_url": "https://www.linkedin.com/in/reactor-one",
                "reaction_type": "LIKE",
                "urn": "urn:li:member:555",
              },
              {
                "avatar_url": "https://media.licdn.com/dms/image/r2.jpg",
                "headline": "Software Engineer at He4rt",
                "name": "Reactor Two",
                "navigation_url": "https://www.linkedin.com/in/reactor-two",
                "reaction_type": "LIKE",
                "urn": "urn:li:member:556",
              },
            ],
            "reposts": [
              {
                "avatar_url": "https://media.licdn.com/dms/image/reposter.jpg",
                "name": "Reposter Person",
                "public_identifier": "",
                "urn": "urn:li:fsd_profile:888",
              },
            ],
          },
          "hashtags": [
            "laravel",
          ],
          "id": "urn:li:activity:111",
          "media": [],
          "metrics": {
            "comment_count": 12,
            "like_count": 207,
            "reaction_breakdown": {
              "EMPATHY": 26,
              "LIKE": 155,
              "PRAISE": 26,
            },
            "share_count": 5,
            "total_reactions": 207,
          },
          "share_urn": "urn:li:share:111",
          "source": "company_feed",
          "text": "Bora aprender Laravel com a comunidade #laravel",
          "timestamp_text": "1d",
          "type": "original",
        },
      ],
    },
    "x": {
      "content": [],
      "engagers": {
        "likes_by_tweet": {},
        "replies": [],
      },
    },
  },
  "schema_version": 3,
  "unified": {
    "summary": {
      "all": {
        "total_comments": 12,
        "total_content": 1,
        "total_likes": 207,
        "unique_engagers": 5,
      },
      "by_platform": {
        "instagram": {
          "total_comments": 0,
          "total_content": 0,
          "total_likes": 0,
          "total_views": 0,
        },
        "linkedin": {
          "total_audience_interactions": 5,
          "total_comment_items": 2,
          "total_comment_reaction_users": 4,
          "total_comments": 12,
          "total_content": 1,
          "total_likes": 207,
          "total_reaction_users": 2,
          "total_repost_users": 1,
          "total_shares": 5,
        },
        "x": {
          "total_bookmarks": 0,
          "total_content": 0,
          "total_likes": 0,
          "total_quotes": 0,
          "total_replies": 0,
          "total_retweets": 0,
          "total_views": 0,
        },
      },
    },
  },
}
`;
